// Jest Snapshot v1, https://goo.gl/fbAQLP

exports[`Generates runtime output it should have generated the nestedPageMetadata 1`] = `
Object {
  "children": Array [
    Object {
      "children": Array [
        Object {
          "children": Array [
            Object {
              "children": Array [],
              "label": "components",
              "name": "components",
              "pages": Array [
                Object {
                  "editUrl": "https://github.com/user/repo/edit/master/packages/core/tests/__fixtures__/monorepo/packages/package1/components/button.md",
                  "frontmatter": Object {
                    "category": "category1",
                    "order": 0,
                    "subcategory": "components",
                  },
                  "headings": Array [],
                  "parentLabel": "components",
                  "pluginData": Object {},
                  "relativeUrl": "button",
                  "title": "Button Component",
                  "url": "/docs/category1/components/button",
                },
                Object {
                  "editUrl": "https://github.com/user/repo/edit/master/packages/core/tests/__fixtures__/monorepo/packages/package1/components/form/index.md",
                  "frontmatter": Object {
                    "category": "category1",
                    "order": 1,
                    "subcategory": "components",
                  },
                  "headings": Array [],
                  "parentLabel": "components",
                  "pluginData": Object {},
                  "relativeUrl": "form",
                  "title": "Form Component",
                  "url": "/docs/category1/components/form",
                },
                Object {
                  "editUrl": "https://github.com/user/repo/edit/master/packages/core/tests/__fixtures__/monorepo/packages/package1/components/form/something-else.md",
                  "frontmatter": Object {
                    "category": "category1",
                    "order": 2,
                    "subcategory": "components",
                  },
                  "headings": Array [],
                  "parentLabel": "components",
                  "pluginData": Object {},
                  "relativeUrl": "something-else",
                  "title": "something-else",
                  "url": "/docs/category1/components/something-else",
                },
              ],
            },
          ],
          "label": "category1",
          "name": "category1",
          "pages": Array [
            Object {
              "editUrl": "https://github.com/user/repo/edit/master/packages/core/tests/__fixtures__/monorepo/packages/package1/docs/intro.md",
              "frontmatter": Object {
                "category": "category1",
              },
              "headings": Array [],
              "parentLabel": "category1",
              "pluginData": Object {},
              "relativeUrl": "intro",
              "title": "Docs Intro",
              "url": "/docs/category1/intro",
            },
          ],
        },
        Object {
          "children": Array [],
          "label": "category2",
          "name": "category2",
          "pages": Array [
            Object {
              "editUrl": "https://github.com/user/repo/edit/master/packages/core/tests/__fixtures__/monorepo/packages/package2/docs/overview.md",
              "frontmatter": Object {
                "category": "category2",
                "order": 0,
                "title": "Overview",
              },
              "headings": Array [],
              "parentLabel": "category2",
              "pluginData": Object {},
              "relativeUrl": "overview",
              "title": "Overview",
              "url": "/docs/category2/overview",
            },
            Object {
              "editUrl": "https://github.com/user/repo/edit/master/packages/core/tests/__fixtures__/monorepo/packages/package2/docs/styles.md",
              "frontmatter": Object {
                "category": "category2",
                "order": 1,
              },
              "headings": Array [],
              "parentLabel": "category2",
              "pluginData": Object {},
              "relativeUrl": "styles",
              "title": "How styles work",
              "url": "/docs/category2/styles",
            },
          ],
        },
        Object {
          "children": Array [],
          "label": "test-custom",
          "name": "test-custom",
          "pages": Array [
            Object {
              "editUrl": "https://github.com/user/repo/edit/master/packages/core/tests/__fixtures__/monorepo/docs/custom-url.md",
              "frontmatter": Object {
                "url": "/test-custom/url",
              },
              "headings": Array [],
              "parentLabel": "test-custom",
              "pluginData": Object {},
              "relativeUrl": "url",
              "title": "This a test for the ability to change the url using frontmatter",
              "url": "/docs/test-custom/url",
            },
          ],
        },
      ],
      "label": "docs",
      "name": "docs",
      "pages": Array [
        Object {
          "editUrl": "https://github.com/user/repo/edit/master/packages/core/tests/__fixtures__/monorepo/README.md",
          "frontmatter": Object {
            "order": -1,
          },
          "headings": Array [],
          "parentLabel": "docs",
          "pluginData": Object {},
          "relativeUrl": "",
          "title": "The index",
          "url": "/docs/",
        },
        Object {
          "editUrl": "https://github.com/user/repo/edit/master/packages/core/tests/__fixtures__/monorepo/docs/how-it-works.md",
          "frontmatter": Object {
            "order": 0,
          },
          "headings": Array [],
          "parentLabel": "docs",
          "pluginData": Object {},
          "relativeUrl": "how-it-works",
          "title": "How it works?",
          "url": "/docs/how-it-works",
        },
        Object {
          "editUrl": "https://github.com/user/repo/edit/master/packages/core/tests/__fixtures__/monorepo/docs/about.md",
          "frontmatter": Object {
            "order": 1,
          },
          "headings": Array [
            Object {
              "depth": 2,
              "id": "history",
              "title": "History",
            },
            Object {
              "depth": 2,
              "id": "where-it-came-from",
              "title": "Where it came from",
            },
            Object {
              "depth": 2,
              "id": "another-topic",
              "title": "Another topic",
            },
            Object {
              "depth": 2,
              "id": "2-level",
              "title": "2 level",
            },
          ],
          "parentLabel": "docs",
          "pluginData": Object {},
          "relativeUrl": "about",
          "title": "About the project",
          "url": "/docs/about",
        },
        Object {
          "editUrl": "https://github.com/user/repo/edit/master/packages/core/tests/__fixtures__/monorepo/docs/html.md",
          "frontmatter": Object {},
          "headings": Array [],
          "parentLabel": "docs",
          "pluginData": Object {},
          "relativeUrl": "html",
          "title": "HTML should work",
          "url": "/docs/html",
        },
        Object {
          "editUrl": "https://github.com/user/repo/edit/master/packages/core/tests/__fixtures__/monorepo/docs/math.md",
          "frontmatter": Object {},
          "headings": Array [],
          "parentLabel": "docs",
          "pluginData": Object {},
          "relativeUrl": "math",
          "title": "Testing math remark and rehype plugins",
          "url": "/docs/math",
        },
        Object {
          "editUrl": "https://github.com/user/repo/edit/master/packages/core/tests/__fixtures__/monorepo/docs/static-asset.md",
          "frontmatter": Object {},
          "headings": Array [],
          "parentLabel": "docs",
          "pluginData": Object {},
          "relativeUrl": "static-asset",
          "title": "This is a markdown that has a image",
          "url": "/docs/static-asset",
        },
        Object {
          "editUrl": "https://github.com/user/repo/edit/master/packages/core/tests/__fixtures__/monorepo/docs/table.md",
          "frontmatter": Object {},
          "headings": Array [],
          "parentLabel": "docs",
          "pluginData": Object {},
          "relativeUrl": "table",
          "title": "Table example",
          "url": "/docs/table",
        },
      ],
    },
  ],
  "label": "/",
  "name": "/",
  "pages": Array [],
}
`;
